Archive member included to satisfy reference by file (symbol)

d:/ungdung_hoctap/stm32cubeide_1.6.1/stm32cubeide/plugins/com.st.stm32cube.ide.mcu.externaltools.gnu-tools-for-stm32.9-2020-q2-update.win32_1.5.0.202011040924/tools/bin/../lib/gcc/arm-none-eabi/9.3.1/../../../../arm-none-eabi/lib/thumb/v7e-m+fp/hard\libc_nano.a(lib_a-errno.o)
                              Core/Src/syscalls.o (__errno)
d:/ungdung_hoctap/stm32cubeide_1.6.1/stm32cubeide/plugins/com.st.stm32cube.ide.mcu.externaltools.gnu-tools-for-stm32.9-2020-q2-update.win32_1.5.0.202011040924/tools/bin/../lib/gcc/arm-none-eabi/9.3.1/../../../../arm-none-eabi/lib/thumb/v7e-m+fp/hard\libc_nano.a(lib_a-exit.o)
                              d:/ungdung_hoctap/stm32cubeide_1.6.1/stm32cubeide/plugins/com.st.stm32cube.ide.mcu.externaltools.gnu-tools-for-stm32.9-2020-q2-update.win32_1.5.0.202011040924/tools/bin/../lib/gcc/arm-none-eabi/9.3.1/../../../../arm-none-eabi/lib/thumb/v7e-m+fp/hard/crt0.o (exit)
d:/ungdung_hoctap/stm32cubeide_1.6.1/stm32cubeide/plugins/com.st.stm32cube.ide.mcu.externaltools.gnu-tools-for-stm32.9-2020-q2-update.win32_1.5.0.202011040924/tools/bin/../lib/gcc/arm-none-eabi/9.3.1/../../../../arm-none-eabi/lib/thumb/v7e-m+fp/hard\libc_nano.a(lib_a-impure.o)
                              d:/ungdung_hoctap/stm32cubeide_1.6.1/stm32cubeide/plugins/com.st.stm32cube.ide.mcu.externaltools.gnu-tools-for-stm32.9-2020-q2-update.win32_1.5.0.202011040924/tools/bin/../lib/gcc/arm-none-eabi/9.3.1/../../../../arm-none-eabi/lib/thumb/v7e-m+fp/hard\libc_nano.a(lib_a-exit.o) (_global_impure_ptr)
d:/ungdung_hoctap/stm32cubeide_1.6.1/stm32cubeide/plugins/com.st.stm32cube.ide.mcu.externaltools.gnu-tools-for-stm32.9-2020-q2-update.win32_1.5.0.202011040924/tools/bin/../lib/gcc/arm-none-eabi/9.3.1/../../../../arm-none-eabi/lib/thumb/v7e-m+fp/hard\libc_nano.a(lib_a-init.o)
                              d:/ungdung_hoctap/stm32cubeide_1.6.1/stm32cubeide/plugins/com.st.stm32cube.ide.mcu.externaltools.gnu-tools-for-stm32.9-2020-q2-update.win32_1.5.0.202011040924/tools/bin/../lib/gcc/arm-none-eabi/9.3.1/../../../../arm-none-eabi/lib/thumb/v7e-m+fp/hard/crt0.o (__libc_init_array)
d:/ungdung_hoctap/stm32cubeide_1.6.1/stm32cubeide/plugins/com.st.stm32cube.ide.mcu.externaltools.gnu-tools-for-stm32.9-2020-q2-update.win32_1.5.0.202011040924/tools/bin/../lib/gcc/arm-none-eabi/9.3.1/../../../../arm-none-eabi/lib/thumb/v7e-m+fp/hard\libc_nano.a(lib_a-memset.o)
                              d:/ungdung_hoctap/stm32cubeide_1.6.1/stm32cubeide/plugins/com.st.stm32cube.ide.mcu.externaltools.gnu-tools-for-stm32.9-2020-q2-update.win32_1.5.0.202011040924/tools/bin/../lib/gcc/arm-none-eabi/9.3.1/../../../../arm-none-eabi/lib/thumb/v7e-m+fp/hard/crt0.o (memset)
d:/ungdung_hoctap/stm32cubeide_1.6.1/stm32cubeide/plugins/com.st.stm32cube.ide.mcu.externaltools.gnu-tools-for-stm32.9-2020-q2-update.win32_1.5.0.202011040924/tools/bin/../lib/gcc/arm-none-eabi/9.3.1/thumb/v7e-m+fp/hard\libgcc.a(_arm_muldf3.o)
                              Core/Src/rf_driver.o (__aeabi_dmul)
d:/ungdung_hoctap/stm32cubeide_1.6.1/stm32cubeide/plugins/com.st.stm32cube.ide.mcu.externaltools.gnu-tools-for-stm32.9-2020-q2-update.win32_1.5.0.202011040924/tools/bin/../lib/gcc/arm-none-eabi/9.3.1/thumb/v7e-m+fp/hard\libgcc.a(_arm_addsubdf3.o)
                              Core/Src/rf_driver.o (__aeabi_dadd)
d:/ungdung_hoctap/stm32cubeide_1.6.1/stm32cubeide/plugins/com.st.stm32cube.ide.mcu.externaltools.gnu-tools-for-stm32.9-2020-q2-update.win32_1.5.0.202011040924/tools/bin/../lib/gcc/arm-none-eabi/9.3.1/thumb/v7e-m+fp/hard\libgcc.a(_arm_muldivdf3.o)
                              Core/Src/rf_driver.o (__aeabi_ddiv)
d:/ungdung_hoctap/stm32cubeide_1.6.1/stm32cubeide/plugins/com.st.stm32cube.ide.mcu.externaltools.gnu-tools-for-stm32.9-2020-q2-update.win32_1.5.0.202011040924/tools/bin/../lib/gcc/arm-none-eabi/9.3.1/thumb/v7e-m+fp/hard\libgcc.a(_arm_truncdfsf2.o)
                              Core/Src/rf_driver.o (__aeabi_d2f)

Allocating common symbols
Common symbol       size              file

byte2               0x1               Core/Src/rf_driver.o
b                   0x19              Core/Src/rf_driver.o
ab                  0x1               Core/Src/rf_driver.o
byte1               0x1               Core/Src/rf_driver.o
checklen            0x1               Core/Src/rf_driver.o
ll_spi              0x4               Core/Src/rf_driver.o
version             0x1               Core/Src/rf_driver.o
CS_GPIO_Port        0x4               Core/Src/rf_driver.o
helrssi             0x4               Core/Src/rf_driver.o
GDO0_Pin            0x2               Core/Src/rf_driver.o
rx_buffer           0x14              Core/Src/main.o
CS_Pin              0x2               Core/Src/rf_driver.o
i                   0x4               Core/Src/rf_driver.o
check               0x1               Core/Src/rf_driver.o
state1              0x1               Core/Src/rf_driver.o
checklqi            0x1               Core/Src/main.o
[...]
Memory Configuration

Name             Origin             Length             Attributes
RAM              0x0000000020000000 0x0000000000020000 xrw
FLASH            0x0000000008000000 0x0000000000080000 xr
*default*        0x0000000000000000 0xffffffffffffffff

Linker script and memory map

LOAD d:/ungdung_hoctap/stm32cubeide_1.6.1/stm32cubeide/plugins/com.st.stm32cube.ide.mcu.externaltools.gnu-tools-for-stm32.9-2020-q2-update.win32_1.5.0.202011040924/tools/bin/../lib/gcc/arm-none-eabi/9.3.1/thumb/v7e-m+fp/hard/crti.o
LOAD d:/ungdung_hoctap/stm32cubeide_1.6.1/stm32cubeide/plugins/com.st.stm32cube.ide.mcu.externaltools.gnu-tools-for-stm32.9-2020-q2-update.win32_1.5.0.202011040924/tools/bin/../lib/gcc/arm-none-eabi/9.3.1/thumb/v7e-m+fp/hard/crtbegin.o
LOAD d:/ungdung_hoctap/stm32cubeide_1.6.1/stm32cubeide/plugins/com.st.stm32cube.ide.mcu.externaltools.gnu-tools-for-stm32.9-2020-q2-update.win32_1.5.0.202011040924/tools/bin/../lib/gcc/arm-none-eabi/9.3.1/../../../../arm-none-eabi/lib/thumb/v7e-m+fp/hard/crt0.o
LOAD Core/Src/dwt_stm32_delay.o
LOAD Core/Src/gpio.o
LOAD Core/Src/main.o
LOAD Core/Src/rf_driver.o
LOAD Core/Src/spi.o
LOAD Core/Src/stm32f4xx_it.o
LOAD Core/Src/syscalls.o
LOAD Core/Src/sysmem.o
LOAD Core/Src/system_stm32f4xx.o
LOAD Core/Src/tim.o
LOAD Core/Startup/startup_stm32f411ceux.o
LOAD Drivers/STM32F4xx_HAL_Driver/Src/stm32f4xx_ll_dma.o
LOAD Drivers/STM32F4xx_HAL_Driver/Src/stm32f4xx_ll_exti.o
LOAD Drivers/STM32F4xx_HAL_Driver/Src/stm32f4xx_ll_gpio.o
LOAD Drivers/STM32F4xx_HAL_Driver/Src/stm32f4xx_ll_rcc.o
LOAD Drivers/STM32F4xx_HAL_Driver/Src/stm32f4xx_ll_spi.o
LOAD Drivers/STM32F4xx_HAL_Driver/Src/stm32f4xx_ll_tim.o
LOAD Drivers/STM32F4xx_HAL_Driver/Src/stm32f4xx_ll_utils.o
START GROUP
LOAD d:/ungdung_hoctap/stm32cubeide_1.6.1/stm32cubeide/plugins/com.st.stm32cube.ide.mcu.externaltools.gnu-tools-for-stm32.9-2020-q2-update.win32_1.5.0.202011040924/tools/bin/../lib/gcc/arm-none-eabi/9.3.1/../../../../arm-none-eabi/lib/thumb/v7e-m+fp/hard\libc_nano.a
LOAD d:/ungdung_hoctap/stm32cubeide_1.6.1/stm32cubeide/plugins/com.st.stm32cube.ide.mcu.externaltools.gnu-tools-for-stm32.9-2020-q2-update.win32_1.5.0.202011040924/tools/bin/../lib/gcc/arm-none-eabi/9.3.1/../../../../arm-none-eabi/lib/thumb/v7e-m+fp/hard\libm.a
END GROUP
START GROUP
LOAD d:/ungdung_hoctap/stm32cubeide_1.6.1/stm32cubeide/plugins/com.st.stm32cube.ide.mcu.externaltools.gnu-tools-for-stm32.9-2020-q2-update.win32_1.5.0.202011040924/tools/bin/../lib/gcc/arm-none-eabi/9.3.1/thumb/v7e-m+fp/hard\libgcc.a
LOAD d:/ungdung_hoctap/stm32cubeide_1.6.1/stm32cubeide/plugins/com.st.stm32cube.ide.mcu.externaltools.gnu-tools-for-stm32.9-2020-q2-update.win32_1.5.0.202011040924/tools/bin/../lib/gcc/arm-none-eabi/9.3.1/../../../../arm-none-eabi/lib/thumb/v7e-m+fp/hard\libc_nano.a
END GROUP
START GROUP
LOAD d:/ungdung_hoctap/stm32cubeide_1.6.1/stm32cubeide/plugins/com.st.stm32cube.ide.mcu.externaltools.gnu-tools-for-stm32.9-2020-q2-update.win32_1.5.0.202011040924/tools/bin/../lib/gcc/arm-none-eabi/9.3.1/thumb/v7e-m+fp/hard\libgcc.a
LOAD d:/ungdung_hoctap/stm32cubeide_1.6.1/stm32cubeide/plugins/com.st.stm32cube.ide.mcu.externaltools.gnu-tools-for-stm32.9-2020-q2-update.win32_1.5.0.202011040924/tools/bin/../lib/gcc/arm-none-eabi/9.3.1/../../../../arm-none-eabi/lib/thumb/v7e-m+fp/hard\libc_nano.a
LOAD d:/ungdung_hoctap/stm32cubeide_1.6.1/stm32cubeide/plugins/com.st.stm32cube.ide.mcu.externaltools.gnu-tools-for-stm32.9-2020-q2-update.win32_1.5.0.202011040924/tools/bin/../lib/gcc/arm-none-eabi/9.3.1/../../../../arm-none-eabi/lib/thumb/v7e-m+fp/hard\libnosys.a
END GROUP
START GROUP
LOAD d:/ungdung_hoctap/stm32cubeide_1.6.1/stm32cubeide/plugins/com.st.stm32cube.ide.mcu.externaltools.gnu-tools-for-stm32.9-2020-q2-update.win32_1.5.0.202011040924/tools/bin/../lib/gcc/arm-none-eabi/9.3.1/thumb/v7e-m+fp/hard\libgcc.a
LOAD d:/ungdung_hoctap/stm32cubeide_1.6.1/stm32cubeide/plugins/com.st.stm32cube.ide.mcu.externaltools.gnu-tools-for-stm32.9-2020-q2-update.win32_1.5.0.202011040924/tools/bin/../lib/gcc/arm-none-eabi/9.3.1/../../../../arm-none-eabi/lib/thumb/v7e-m+fp/hard\libc_nano.a
LOAD d:/ungdung_hoctap/stm32cubeide_1.6.1/stm32cubeide/plugins/com.st.stm32cube.ide.mcu.externaltools.gnu-tools-for-stm32.9-2020-q2-update.win32_1.5.0.202011040924/tools/bin/../lib/gcc/arm-none-eabi/9.3.1/../../../../arm-none-eabi/lib/thumb/v7e-m+fp/hard\libnosys.a
END GROUP
LOAD d:/ungdung_hoctap/stm32cubeide_1.6.1/stm32cubeide/plugins/com.st.stm32cube.ide.mcu.externaltools.gnu-tools-for-stm32.9-2020-q2-update.win32_1.5.0.202011040924/tools/bin/../lib/gcc/arm-none-eabi/9.3.1/thumb/v7e-m+fp/hard/crtend.o
LOAD d:/ungdung_hoctap/stm32cubeide_1.6.1/stm32cubeide/plugins/com.st.stm32cube.ide.mcu.externaltools.gnu-tools-for-stm32.9-2020-q2-update.win32_1.5.0.202011040924/tools/bin/../lib/gcc/arm-none-eabi/9.3.1/thumb/v7e-m+fp/hard/crtn.o
                0x0000000020020000                _estack = (ORIGIN (RAM) + LENGTH (RAM))
                0x0000000000000200                _Min_Heap_Size = 0x200
                0x0000000000000400                _Min_Stack_Size = 0x400

.isr_vector     0x0000000008000000      0x198
                0x0000000008000000                . = ALIGN (0x4)
 *(.isr_vector)
 .isr_vector    0x0000000008000000      0x198 Core/Startup/startup_stm32f411ceux.o
                0x0000000008000000                g_pfnVectors
                0x0000000008000198                . = ALIGN (0x4)

.text           0x0000000008000198     0x2114
                0x0000000008000198                . = ALIGN (0x4)
 *(.text)
 .text          0x0000000008000198       0x40 d:/ungdung_hoctap/stm32cubeide_1.6.1/stm32cubeide/plugins/com.st.stm32cube.ide.mcu.externaltools.gnu-tools-for-stm32.9-2020-q2-update.win32_1.5.0.202011040924/tools/bin/../lib/gcc/arm-none-eabi/9.3.1/thumb/v7e-m+fp/hard/crtbegin.o
 *(.text*)
 .text.DWT_Delay_Init
                0x00000000080001d8       0x60 Core/Src/dwt_stm32_delay.o
                0x00000000080001d8                DWT_Delay_Init
 .text.__NVIC_GetPriorityGrouping
                0x0000000008000238       0x1c Core/Src/gpio.o
 .text.__NVIC_EnableIRQ
                0x0000000008000254       0x3c Core/Src/gpio.o
 .text.__NVIC_SetPriority
                0x0000000008000290       0x54 Core/Src/gpio.o
 .text.NVIC_EncodePriority
                0x00000000080002e4       0x66 Core/Src/gpio.o
 *fill*         0x000000000800034a        0x2 
 .text.LL_AHB1_GRP1_EnableClock
                0x000000000800034c       0x30 Core/Src/gpio.o
 .text.LL_SYSCFG_SetEXTISource
                0x000000000800037c       0x5c Core/Src/gpio.o
 .text.LL_GPIO_SetPinMode
                0x00000000080003d8       0x5e Core/Src/gpio.o
 .text.LL_GPIO_SetPinPull
                0x0000000008000436       0x5e Core/Src/gpio.o
 .text.LL_GPIO_ResetOutputPin
                0x0000000008000494       0x1e Core/Src/gpio.o
 *fill*         0x00000000080004b2        0x2 
 .text.MX_GPIO_Init
                0x00000000080004b4       0xc0 Core/Src/gpio.o
                0x00000000080004b4                MX_GPIO_Init
 .text.__NVIC_SetPriorityGrouping
                0x0000000008000574       0x48 Core/Src/main.o
 .text.LL_RCC_HSI_Enable
                0x00000000080005bc       0x20 Core/Src/main.o
 .text.LL_RCC_HSI_IsReady
                0x00000000080005dc       0x24 Core/Src/main.o
 .text.LL_RCC_HSI_SetCalibTrimming
                0x0000000008000600       0x2c Core/Src/main.o
 .text.LL_RCC_SetSysClkSource
                0x000000000800062c       0x28 Core/Src/main.o
 .text.LL_RCC_GetSysClkSource
                0x0000000008000654       0x1c Core/Src/main.o
 .text.LL_RCC_SetAHBPrescaler
                0x0000000008000670       0x28 Core/Src/main.o
 .text.LL_RCC_SetAPB1Prescaler
                0x0000000008000698       0x28 Core/Src/main.o
 .text.LL_RCC_SetAPB2Prescaler
                0x00000000080006c0       0x28 Core/Src/main.o
 .text.LL_RCC_SetTIMPrescaler
                0x00000000080006e8       0x2c Core/Src/main.o
 .text.LL_RCC_PLL_Enable
                0x0000000008000714       0x20 Core/Src/main.o
 .text.LL_RCC_PLL_IsReady
                0x0000000008000734       0x28 Core/Src/main.o
 .text.LL_RCC_PLL_ConfigDomain_SYS
                0x000000000800075c       0x4c Core/Src/main.o
 .text.LL_APB1_GRP1_EnableClock
                0x00000000080007a8       0x30 Core/Src/main.o
 .text.LL_APB2_GRP1_EnableClock
                0x00000000080007d8       0x30 Core/Src/main.o
 .text.LL_FLASH_SetLatency
                0x0000000008000808       0x28 Core/Src/main.o
 .text.LL_FLASH_GetLatency
                0x0000000008000830       0x1c Core/Src/main.o
 .text.LL_PWR_SetRegulVoltageScaling
                0x000000000800084c       0x28 Core/Src/main.o
 .text.LL_SPI_Enable
                0x0000000008000874       0x20 Core/Src/main.o
 .text.LL_TIM_EnableCounter
                0x0000000008000894       0x20 Core/Src/main.o
 .text.main     0x00000000080008b4       0x9c Core/Src/main.o
                0x00000000080008b4                main
 .text.SystemClock_Config
                0x0000000008000950       0x90 Core/Src/main.o
                0x0000000008000950                SystemClock_Config
 .text.LL_GPIO_SetOutputPin
                0x00000000080009e0       0x1c Core/Src/rf_driver.o
 .text.LL_GPIO_ResetOutputPin
                0x00000000080009fc       0x1e Core/Src/rf_driver.o
 .text.LL_SPI_IsActiveFlag_RXNE
                0x0000000008000a1a       0x26 Core/Src/rf_driver.o
 .text.LL_SPI_IsActiveFlag_TXE
                0x0000000008000a40       0x26 Core/Src/rf_driver.o
 .text.LL_SPI_IsActiveFlag_BSY
                0x0000000008000a66       0x26 Core/Src/rf_driver.o
 .text.LL_SPI_ReceiveData8
                0x0000000008000a8c       0x1c Core/Src/rf_driver.o
 .text.LL_SPI_TransmitData8
                0x0000000008000aa8       0x24 Core/Src/rf_driver.o
 .text.DWT_Delay_us
                0x0000000008000acc       0x50 Core/Src/rf_driver.o
 .text.LL_TIM_GetCounter
                0x0000000008000b1c       0x18 Core/Src/rf_driver.o
 .text.rf_begin
                0x0000000008000b34       0xb8 Core/Src/rf_driver.o
                0x0000000008000b34                rf_begin
 .text.rf_reset
                0x0000000008000bec       0x4c Core/Src/rf_driver.o
                0x0000000008000bec                rf_reset
 .text.rf_check
                0x0000000008000c38       0x38 Core/Src/rf_driver.o
                0x0000000008000c38                rf_check
 .text.rf_set_modulation_mode
                0x0000000008000c70       0x84 Core/Src/rf_driver.o
                0x0000000008000c70                rf_set_modulation_mode
 .text.rf_set_ISMband
                0x0000000008000cf4       0xc4 Core/Src/rf_driver.o
                0x0000000008000cf4                rf_set_ISMband
 .text.rf_set_channel
                0x0000000008000db8       0x1c Core/Src/rf_driver.o
                0x0000000008000db8                rf_set_channel
 .text.rf_set_output_power_level
                0x0000000008000dd4       0x96 Core/Src/rf_driver.o
                0x0000000008000dd4                rf_set_output_power_level
 .text.rf_sidle
                0x0000000008000e6a       0x30 Core/Src/rf_driver.o
                0x0000000008000e6a                rf_sidle
 *fill*         0x0000000008000e9a        0x2 
 .text._keep_transmiting_data
                0x0000000008000e9c       0xd4 Core/Src/rf_driver.o
                0x0000000008000e9c                _keep_transmiting_data
 .text.send_frame
                0x0000000008000f70      0x208 Core/Src/rf_driver.o
                0x0000000008000f70                send_frame
 .text.rf_write_strobe
                0x0000000008001178       0x22 Core/Src/rf_driver.o
                0x0000000008001178                rf_write_strobe
 .text.rf_read_register
                0x000000000800119a       0x2c Core/Src/rf_driver.o
                0x000000000800119a                rf_read_register
 .text.rf_write_register
                0x00000000080011c6       0x28 Core/Src/rf_driver.o
                0x00000000080011c6                rf_write_register
 .text.rf_write_data
                0x00000000080011ee       0x3c Core/Src/rf_driver.o
                0x00000000080011ee                rf_write_data
 *fill*         0x000000000800122a        0x2 
 .text.__spi_write
                0x000000000800122c       0xc8 Core/Src/rf_driver.o
                0x000000000800122c                __spi_write
 .text.__spi_read
                0x00000000080012f4       0xcc Core/Src/rf_driver.o
                0x00000000080012f4                __spi_read
 .text.LL_AHB1_GRP1_EnableClock
                0x00000000080013c0       0x30 Core/Src/spi.o
 .text.LL_APB2_GRP1_EnableClock
                0x00000000080013f0       0x30 Core/Src/spi.o
 .text.LL_SPI_Enable
                0x0000000008001420       0x20 Core/Src/spi.o
 .text.LL_SPI_SetStandard
                0x0000000008001440       0x26 Core/Src/spi.o
 *fill*         0x0000000008001466        0x2 
 .text.MX_SPI1_Init
                0x0000000008001468       0xac Core/Src/spi.o
                0x0000000008001468                MX_SPI1_Init
 .text.LL_EXTI_IsActiveFlag_0_31
                0x0000000008001514       0x2c Core/Src/stm32f4xx_it.o
 .text.LL_EXTI_ClearFlag_0_31
                0x0000000008001540       0x20 Core/Src/stm32f4xx_it.o
 .text.NMI_Handler
                0x0000000008001560        0x6 Core/Src/stm32f4xx_it.o
                0x0000000008001560                NMI_Handler
 .text.HardFault_Handler
                0x0000000008001566        0x6 Core/Src/stm32f4xx_it.o
                0x0000000008001566                HardFault_Handler
 .text.MemManage_Handler
                0x000000000800156c        0x6 Core/Src/stm32f4xx_it.o
                0x000000000800156c                MemManage_Handler
 .text.BusFault_Handler
                0x0000000008001572        0x6 Core/Src/stm32f4xx_it.o
                0x0000000008001572                BusFault_Handler
 .text.UsageFault_Handler
                0x0000000008001578        0x6 Core/Src/stm32f4xx_it.o
                0x0000000008001578                UsageFault_Handler
 .text.SVC_Handler
                0x000000000800157e        0xe Core/Src/stm32f4xx_it.o
                0x000000000800157e                SVC_Handler
 .text.DebugMon_Handler
                0x000000000800158c        0xe Core/Src/stm32f4xx_it.o
                0x000000000800158c                DebugMon_Handler
 .text.PendSV_Handler
                0x000000000800159a        0xe Core/Src/stm32f4xx_it.o
                0x000000000800159a                PendSV_Handler
 .text.SysTick_Handler
                0x00000000080015a8        0xe Core/Src/stm32f4xx_it.o
                0x00000000080015a8                SysTick_Handler
 *fill*         0x00000000080015b6        0x2 
 .text.EXTI0_IRQHandler
                0x00000000080015b8       0x40 Core/Src/stm32f4xx_it.o
                0x00000000080015b8                EXTI0_IRQHandler
 .text.SystemInit
                0x00000000080015f8       0x24 Core/Src/system_stm32f4xx.o
                0x00000000080015f8                SystemInit
 .text.LL_APB2_GRP1_EnableClock
                0x000000000800161c       0x30 Core/Src/tim.o
 .text.LL_TIM_EnableARRPreload
                0x000000000800164c       0x20 Core/Src/tim.o
 .text.LL_TIM_SetClockSource
                0x000000000800166c       0x2a Core/Src/tim.o
 .text.LL_TIM_SetTriggerOutput
                0x0000000008001696       0x26 Core/Src/tim.o
 .text.LL_TIM_DisableMasterSlaveMode
                0x00000000080016bc       0x20 Core/Src/tim.o
 .text.MX_TIM1_Init
                0x00000000080016dc       0x64 Core/Src/tim.o
                0x00000000080016dc                MX_TIM1_Init
 .text.Reset_Handler
                0x0000000008001740       0x50 Core/Startup/startup_stm32f411ceux.o
                0x0000000008001740                Reset_Handler
 .text.Default_Handler
                0x0000000008001790        0x2 Core/Startup/startup_stm32f411ceux.o
                0x0000000008001790                RTC_Alarm_IRQHandler
                0x0000000008001790                EXTI2_IRQHandler
                0x0000000008001790                SPI4_IRQHandler
                0x0000000008001790                TIM1_CC_IRQHandler
                0x0000000008001790                DMA2_Stream5_IRQHandler
                0x0000000008001790                DMA1_Stream5_IRQHandler
                0x0000000008001790                PVD_IRQHandler
                0x0000000008001790                SDIO_IRQHandler
                0x0000000008001790                TAMP_STAMP_IRQHandler
                0x0000000008001790                EXTI3_IRQHandler
                0x0000000008001790                TIM1_UP_TIM10_IRQHandler
                0x0000000008001790                I2C3_ER_IRQHandler
                0x0000000008001790                I2C2_EV_IRQHandler
                0x0000000008001790                DMA1_Stream2_IRQHandler
                0x0000000008001790                FPU_IRQHandler
                0x0000000008001790                DMA2_Stream2_IRQHandler
                0x0000000008001790                SPI1_IRQHandler
                0x0000000008001790                TIM1_BRK_TIM9_IRQHandler
                0x0000000008001790                DMA2_Stream3_IRQHandler
                0x0000000008001790                USART6_IRQHandler
                0x0000000008001790                DMA2_Stream0_IRQHandler
                0x0000000008001790                TIM4_IRQHandler
                0x0000000008001790                I2C1_EV_IRQHandler
                0x0000000008001790                DMA1_Stream6_IRQHandler
                0x0000000008001790                DMA1_Stream1_IRQHandler
                0x0000000008001790                TIM3_IRQHandler
                0x0000000008001790                RCC_IRQHandler
                0x0000000008001790                Default_Handler
                0x0000000008001790                EXTI15_10_IRQHandler
                0x0000000008001790                ADC_IRQHandler
                0x0000000008001790                DMA1_Stream7_IRQHandler
                0x0000000008001790                SPI5_IRQHandler
                0x0000000008001790                TIM5_IRQHandler
                0x0000000008001790                DMA2_Stream7_IRQHandler
                0x0000000008001790                I2C3_EV_IRQHandler
                0x0000000008001790                EXTI9_5_IRQHandler
                0x0000000008001790                RTC_WKUP_IRQHandler
                0x0000000008001790                SPI2_IRQHandler
                0x0000000008001790                DMA1_Stream0_IRQHandler
                0x0000000008001790                EXTI4_IRQHandler
                0x0000000008001790                WWDG_IRQHandler
                0x0000000008001790                TIM2_IRQHandler
                0x0000000008001790                OTG_FS_WKUP_IRQHandler
                0x0000000008001790                TIM1_TRG_COM_TIM11_IRQHandler
                0x0000000008001790                EXTI1_IRQHandler
                0x0000000008001790                USART2_IRQHandler
                0x0000000008001790                I2C2_ER_IRQHandler
                0x0000000008001790                DMA2_Stream1_IRQHandler
                0x0000000008001790                FLASH_IRQHandler
                0x0000000008001790                DMA2_Stream4_IRQHandler
                0x0000000008001790                USART1_IRQHandler
                0x0000000008001790                OTG_FS_IRQHandler
                0x0000000008001790                SPI3_IRQHandler
                0x0000000008001790                DMA1_Stream4_IRQHandler
                0x0000000008001790                I2C1_ER_IRQHandler
                0x0000000008001790                DMA2_Stream6_IRQHandler
                0x0000000008001790                DMA1_Stream3_IRQHandler
 *fill*         0x0000000008001792        0x2 
 .text.LL_EXTI_EnableIT_0_31
                0x0000000008001794       0x24 Drivers/STM32F4xx_HAL_Driver/Src/stm32f4xx_ll_exti.o
 .text.LL_EXTI_DisableIT_0_31
                0x00000000080017b8       0x28 Drivers/STM32F4xx_HAL_Driver/Src/stm32f4xx_ll_exti.o
 .text.LL_EXTI_EnableEvent_0_31
                0x00000000080017e0       0x24 Drivers/STM32F4xx_HAL_Driver/Src/stm32f4xx_ll_exti.o
 .text.LL_EXTI_DisableEvent_0_31
                0x0000000008001804       0x28 Drivers/STM32F4xx_HAL_Driver/Src/stm32f4xx_ll_exti.o
 .text.LL_EXTI_EnableRisingTrig_0_31
                0x000000000800182c       0x24 Drivers/STM32F4xx_HAL_Driver/Src/stm32f4xx_ll_exti.o
 .text.LL_EXTI_DisableRisingTrig_0_31
                0x0000000008001850       0x28 Drivers/STM32F4xx_HAL_Driver/Src/stm32f4xx_ll_exti.o
 .text.LL_EXTI_EnableFallingTrig_0_31
                0x0000000008001878       0x24 Drivers/STM32F4xx_HAL_Driver/Src/stm32f4xx_ll_exti.o
 .text.LL_EXTI_DisableFallingTrig_0_31
                0x000000000800189c       0x28 Drivers/STM32F4xx_HAL_Driver/Src/stm32f4xx_ll_exti.o
 .text.LL_EXTI_Init
                0x00000000080018c4      0x102 Drivers/STM32F4xx_HAL_Driver/Src/stm32f4xx_ll_exti.o
                0x00000000080018c4                LL_EXTI_Init
 .text.LL_GPIO_SetPinMode
                0x00000000080019c6       0x5e Drivers/STM32F4xx_HAL_Driver/Src/stm32f4xx_ll_gpio.o
 .text.LL_GPIO_SetPinOutputType
                0x0000000008001a24       0x30 Drivers/STM32F4xx_HAL_Driver/Src/stm32f4xx_ll_gpio.o
 .text.LL_GPIO_SetPinSpeed
                0x0000000008001a54       0x5e Drivers/STM32F4xx_HAL_Driver/Src/stm32f4xx_ll_gpio.o
 .text.LL_GPIO_SetPinPull
                0x0000000008001ab2       0x5e Drivers/STM32F4xx_HAL_Driver/Src/stm32f4xx_ll_gpio.o
 .text.LL_GPIO_SetAFPin_0_7
                0x0000000008001b10       0x5e Drivers/STM32F4xx_HAL_Driver/Src/stm32f4xx_ll_gpio.o
 .text.LL_GPIO_SetAFPin_8_15
                0x0000000008001b6e       0x62 Drivers/STM32F4xx_HAL_Driver/Src/stm32f4xx_ll_gpio.o
 .text.LL_GPIO_Init
                0x0000000008001bd0       0xe6 Drivers/STM32F4xx_HAL_Driver/Src/stm32f4xx_ll_gpio.o
                0x0000000008001bd0                LL_GPIO_Init
 *fill*         0x0000000008001cb6        0x2 
 .text.LL_RCC_GetSysClkSource
                0x0000000008001cb8       0x1c Drivers/STM32F4xx_HAL_Driver/Src/stm32f4xx_ll_rcc.o
 .text.LL_RCC_GetAHBPrescaler
                0x0000000008001cd4       0x1c Drivers/STM32F4xx_HAL_Driver/Src/stm32f4xx_ll_rcc.o
 .text.LL_RCC_GetAPB1Prescaler
                0x0000000008001cf0       0x1c Drivers/STM32F4xx_HAL_Driver/Src/stm32f4xx_ll_rcc.o
 .text.LL_RCC_GetAPB2Prescaler
                0x0000000008001d0c       0x1c Drivers/STM32F4xx_HAL_Driver/Src/stm32f4xx_ll_rcc.o
 .text.LL_RCC_PLL_GetMainSource
                0x0000000008001d28       0x1c Drivers/STM32F4xx_HAL_Driver/Src/stm32f4xx_ll_rcc.o
 .text.LL_RCC_PLL_GetN
                0x0000000008001d44       0x1c Drivers/STM32F4xx_HAL_Driver/Src/stm32f4xx_ll_rcc.o
 .text.LL_RCC_PLL_GetP
                0x0000000008001d60       0x1c Drivers/STM32F4xx_HAL_Driver/Src/stm32f4xx_ll_rcc.o
 .text.LL_RCC_PLL_GetDivider
                0x0000000008001d7c       0x1c Drivers/STM32F4xx_HAL_Driver/Src/stm32f4xx_ll_rcc.o
 .text.LL_RCC_GetSystemClocksFreq
                0x0000000008001d98       0x4a Drivers/STM32F4xx_HAL_Driver/Src/stm32f4xx_ll_rcc.o
                0x0000000008001d98                LL_RCC_GetSystemClocksFreq
 *fill*         0x0000000008001de2        0x2 
 .text.RCC_GetSystemClockFreq
                0x0000000008001de4       0x50 Drivers/STM32F4xx_HAL_Driver/Src/stm32f4xx_ll_rcc.o
                0x0000000008001de4                RCC_GetSystemClockFreq
 .text.RCC_GetHCLKClockFreq
                0x0000000008001e34       0x2c Drivers/STM32F4xx_HAL_Driver/Src/stm32f4xx_ll_rcc.o
                0x0000000008001e34                RCC_GetHCLKClockFreq
 .text.RCC_GetPCLK1ClockFreq
                0x0000000008001e60       0x28 Drivers/STM32F4xx_HAL_Driver/Src/stm32f4xx_ll_rcc.o
                0x0000000008001e60                RCC_GetPCLK1ClockFreq
 .text.RCC_GetPCLK2ClockFreq
                0x0000000008001e88       0x28 Drivers/STM32F4xx_HAL_Driver/Src/stm32f4xx_ll_rcc.o
                0x0000000008001e88                RCC_GetPCLK2ClockFreq
 .text.RCC_PLL_GetFreqDomain_SYS
                0x0000000008001eb0       0x7c Drivers/STM32F4xx_HAL_Driver/Src/stm32f4xx_ll_rcc.o
                0x0000000008001eb0                RCC_PLL_GetFreqDomain_SYS
 .text.LL_SPI_IsEnabled
                0x0000000008001f2c       0x26 Drivers/STM32F4xx_HAL_Driver/Src/stm32f4xx_ll_spi.o
 .text.LL_SPI_SetCRCPolynomial
                0x0000000008001f52       0x20 Drivers/STM32F4xx_HAL_Driver/Src/stm32f4xx_ll_spi.o
 .text.LL_SPI_Init
                0x0000000008001f72       0xa4 Drivers/STM32F4xx_HAL_Driver/Src/stm32f4xx_ll_spi.o
                0x0000000008001f72                LL_SPI_Init
 .text.LL_TIM_SetPrescaler
                0x0000000008002016       0x1c Drivers/STM32F4xx_HAL_Driver/Src/stm32f4xx_ll_tim.o
 .text.LL_TIM_SetAutoReload
                0x0000000008002032       0x1c Drivers/STM32F4xx_HAL_Driver/Src/stm32f4xx_ll_tim.o
 .text.LL_TIM_SetRepetitionCounter
                0x000000000800204e       0x1c Drivers/STM32F4xx_HAL_Driver/Src/stm32f4xx_ll_tim.o
 .text.LL_TIM_GenerateEvent_UPDATE
                0x000000000800206a       0x20 Drivers/STM32F4xx_HAL_Driver/Src/stm32f4xx_ll_tim.o
 *fill*         0x000000000800208a        0x2 
 .text.LL_TIM_Init
                0x000000000800208c       0xf4 Drivers/STM32F4xx_HAL_Driver/Src/stm32f4xx_ll_tim.o
                0x000000000800208c                LL_TIM_Init
 .text.LL_InitTick
                0x0000000008002180       0x34 Drivers/STM32F4xx_HAL_Driver/Src/stm32f4xx_ll_utils.o
 .text.LL_Init1msTick
                0x00000000080021b4       0x1a Drivers/STM32F4xx_HAL_Driver/Src/stm32f4xx_ll_utils.o
                0x00000000080021b4                LL_Init1msTick
 *fill*         0x00000000080021ce        0x2 
 .text.LL_mDelay
                0x00000000080021d0       0x4c Drivers/STM32F4xx_HAL_Driver/Src/stm32f4xx_ll_utils.o
                0x00000000080021d0                LL_mDelay
 .text.LL_SetSystemCoreClock
                0x000000000800221c       0x20 Drivers/STM32F4xx_HAL_Driver/Src/stm32f4xx_ll_utils.o
                0x000000000800221c                LL_SetSystemCoreClock
 .text.__libc_init_array
                0x000000000800223c       0x48 d:/ungdung_hoctap/stm32cubeide_1.6.1/stm32cubeide/plugins/com.st.stm32cube.ide.mcu.externaltools.gnu-tools-for-stm32.9-2020-q2-update.win32_1.5.0.202011040924/tools/bin/../lib/gcc/arm-none-eabi/9.3.1/../../../../arm-none-eabi/lib/thumb/v7e-m+fp/hard\libc_nano.a(lib_a-init.o)
                0x000000000800223c                __libc_init_array
 .text.memset   0x0000000008002284       0x10 d:/ungdung_hoctap/stm32cubeide_1.6.1/stm32cubeide/plugins/com.st.stm32cube.ide.mcu.externaltools.gnu-tools-for-stm32.9-2020-q2-update.win32_1.5.0.202011040924/tools/bin/../lib/gcc/arm-none-eabi/9.3.1/../../../../arm-none-eabi/lib/thumb/v7e-m+fp/hard\libc_nano.a(lib_a-memset.o)
                0x0000000008002284                memset
 *(.glue_7)
 .glue_7        0x0000000008002294        0x0 linker stubs
 *(.glue_7t)
 .glue_7t       0x0000000008002294        0x0 linker stubs
 *(.eh_frame)
 .eh_frame      0x0000000008002294        0x0 d:/ungdung_hoctap/stm32cubeide_1.6.1/stm32cubeide/plugins/com.st.stm32cube.ide.mcu.externaltools.gnu-tools-for-stm32.9-2020-q2-update.win32_1.5.0.202011040924/tools/bin/../lib/gcc/arm-none-eabi/9.3.1/thumb/v7e-m+fp/hard/crtbegin.o
 *(.init)
 .init          0x0000000008002294        0x4 d:/ungdung_hoctap/stm32cubeide_1.6.1/stm32cubeide/plugins/com.st.stm32cube.ide.mcu.externaltools.gnu-tools-for-stm32.9-2020-q2-update.win32_1.5.0.202011040924/tools/bin/../lib/gcc/arm-none-eabi/9.3.1/thumb/v7e-m+fp/hard/crti.o
                0x0000000008002294                _init
 .init          0x0000000008002298        0x8 d:/ungdung_hoctap/stm32cubeide_1.6.1/stm32cubeide/plugins/com.st.stm32cube.ide.mcu.externaltools.gnu-tools-for-stm32.9-2020-q2-update.win32_1.5.0.202011040924/tools/bin/../lib/gcc/arm-none-eabi/9.3.1/thumb/v7e-m+fp/hard/crtn.o
 *(.fini)
 .fini          0x00000000080022a0        0x4 d:/ungdung_hoctap/stm32cubeide_1.6.1/stm32cubeide/plugins/com.st.stm32cube.ide.mcu.externaltools.gnu-tools-for-stm32.9-2020-q2-update.win32_1.5.0.202011040924/tools/bin/../lib/gcc/arm-none-eabi/9.3.1/thumb/v7e-m+fp/hard/crti.o
                0x00000000080022a0                _fini
 .fini          0x00000000080022a4        0x8 d:/ungdung_hoctap/stm32cubeide_1.6.1/stm32cubeide/plugins/com.st.stm32cube.ide.mcu.externaltools.gnu-tools-for-stm32.9-2020-q2-update.win32_1.5.0.202011040924/tools/bin/../lib/gcc/arm-none-eabi/9.3.1/thumb/v7e-m+fp/hard/crtn.o
                0x00000000080022ac                . = ALIGN (0x4)
                0x00000000080022ac                _etext = .

.vfp11_veneer   0x00000000080022ac        0x0
 .vfp11_veneer  0x00000000080022ac        0x0 linker stubs

.v4_bx          0x00000000080022ac        0x0
 .v4_bx         0x00000000080022ac        0x0 linker stubs

.iplt           0x00000000080022ac        0x0
 .iplt          0x00000000080022ac        0x0 d:/ungdung_hoctap/stm32cubeide_1.6.1/stm32cubeide/plugins/com.st.stm32cube.ide.mcu.externaltools.gnu-tools-for-stm32.9-2020-q2-update.win32_1.5.0.202011040924/tools/bin/../lib/gcc/arm-none-eabi/9.3.1/thumb/v7e-m+fp/hard/crtbegin.o

.rodata         0x00000000080022ac      0x158
                0x00000000080022ac                . = ALIGN (0x4)
 *(.rodata)
 *(.rodata*)
 .rodata.patable_power_315
                0x00000000080022ac        0x8 Core/Src/rf_driver.o
                0x00000000080022ac                patable_power_315
 .rodata.patable_power_433
                0x00000000080022b4        0x8 Core/Src/rf_driver.o
                0x00000000080022b4                patable_power_433
 .rodata.patable_power_868
                0x00000000080022bc        0x8 Core/Src/rf_driver.o
                0x00000000080022bc                patable_power_868
 .rodata.patable_power_915
                0x00000000080022c4        0x8 Core/Src/rf_driver.o
                0x00000000080022c4                patable_power_915
 .rodata.cc1100_GFSK_1_2_kb
                0x00000000080022cc       0x2f Core/Src/rf_driver.o
                0x00000000080022cc                cc1100_GFSK_1_2_kb
 *fill*         0x00000000080022fb        0x1 
 .rodata.cc1100_GFSK_38_4_kb
                0x00000000080022fc       0x2f Core/Src/rf_driver.o
                0x00000000080022fc                cc1100_GFSK_38_4_kb
 *fill*         0x000000000800232b        0x1 
 .rodata.cc1100_GFSK_100_kb
                0x000000000800232c       0x2f Core/Src/rf_driver.o
                0x000000000800232c                cc1100_GFSK_100_kb
 *fill*         0x000000000800235b        0x1 
 .rodata.cc1100_MSK_250_kb
                0x000000000800235c       0x2f Core/Src/rf_driver.o
                0x000000000800235c                cc1100_MSK_250_kb
 *fill*         0x000000000800238b        0x1 
 .rodata.cc1100_MSK_500_kb
                0x000000000800238c       0x2f Core/Src/rf_driver.o
                0x000000000800238c                cc1100_MSK_500_kb
 *fill*         0x00000000080023bb        0x1 
 .rodata.cc1100_OOK_4_8_kb
                0x00000000080023bc       0x2f Core/Src/rf_driver.o
                0x00000000080023bc                cc1100_OOK_4_8_kb
 *fill*         0x00000000080023eb        0x1 
 .rodata.AHBPrescTable
                0x00000000080023ec       0x10 Core/Src/system_stm32f4xx.o
                0x00000000080023ec                AHBPrescTable
 .rodata.APBPrescTable
                0x00000000080023fc        0x8 Core/Src/system_stm32f4xx.o
                0x00000000080023fc                APBPrescTable
                0x0000000008002404                . = ALIGN (0x4)

.rel.dyn        0x0000000008002404        0x0
 .rel.iplt      0x0000000008002404        0x0 d:/ungdung_hoctap/stm32cubeide_1.6.1/stm32cubeide/plugins/com.st.stm32cube.ide.mcu.externaltools.gnu-tools-for-stm32.9-2020-q2-update.win32_1.5.0.202011040924/tools/bin/../lib/gcc/arm-none-eabi/9.3.1/thumb/v7e-m+fp/hard/crtbegin.o

.ARM.extab      0x0000000008002404        0x0
                0x0000000008002404                . = ALIGN (0x4)
 *(.ARM.extab* .gnu.linkonce.armextab.*)
                0x0000000008002404                . = ALIGN (0x4)

.ARM            0x0000000008002404        0x0
                0x0000000008002404                . = ALIGN (0x4)
                0x0000000008002404                __exidx_start = .
 *(.ARM.exidx*)
                0x0000000008002404                __exidx_end = .
                0x0000000008002404                . = ALIGN (0x4)

.preinit_array  0x0000000008002404        0x0
                0x0000000008002404                . = ALIGN (0x4)
                0x0000000008002404                PROVIDE (__preinit_array_start = .)
 *(.preinit_array*)
                0x0000000008002404                PROVIDE (__preinit_array_end = .)
                0x0000000008002404                . = ALIGN (0x4)

.init_array     0x0000000008002404        0x4
                0x0000000008002404                . = ALIGN (0x4)
                0x0000000008002404                PROVIDE (__init_array_start = .)
 *(SORT_BY_NAME(.init_array.*))
 *(.init_array*)
 .init_array    0x0000000008002404        0x4 d:/ungdung_hoctap/stm32cubeide_1.6.1/stm32cubeide/plugins/com.st.stm32cube.ide.mcu.externaltools.gnu-tools-for-stm32.9-2020-q2-update.win32_1.5.0.202011040924/tools/bin/../lib/gcc/arm-none-eabi/9.3.1/thumb/v7e-m+fp/hard/crtbegin.o
                0x0000000008002408                PROVIDE (__init_array_end = .)
                0x0000000008002408                . = ALIGN (0x4)

.fini_array     0x0000000008002408        0x4
                0x0000000008002408                . = ALIGN (0x4)
                [!provide]                        PROVIDE (__fini_array_start = .)
 *(SORT_BY_NAME(.fini_array.*))
 *(.fini_array*)
 .fini_array    0x0000000008002408        0x4 d:/ungdung_hoctap/stm32cubeide_1.6.1/stm32cubeide/plugins/com.st.stm32cube.ide.mcu.externaltools.gnu-tools-for-stm32.9-2020-q2-update.win32_1.5.0.202011040924/tools/bin/../lib/gcc/arm-none-eabi/9.3.1/thumb/v7e-m+fp/hard/crtbegin.o
                [!provide]                        PROVIDE (__fini_array_end = .)
                0x000000000800240c                . = ALIGN (0x4)
                0x000000000800240c                _sidata = LOADADDR (.data)

.data           0x0000000020000000       0x1c load address 0x000000000800240c
                0x0000000020000000                . = ALIGN (0x4)
                0x0000000020000000                _sdata = .
 *(.data)
 *(.data*)
 .data.data_tx  0x0000000020000000       0x14 Core/Src/main.o
                0x0000000020000000                data_tx
 .data.TimeOut  0x0000000020000014        0x4 Core/Src/rf_driver.o
                0x0000000020000014                TimeOut
 .data.SystemCoreClock
                0x0000000020000018        0x4 Core/Src/system_stm32f4xx.o
                0x0000000020000018                SystemCoreClock
 *(.RamFunc)
 *(.RamFunc*)
                0x000000002000001c                . = ALIGN (0x4)
                0x000000002000001c                _edata = .

.igot.plt       0x000000002000001c        0x0 load address 0x0000000008002428
 .igot.plt      0x000000002000001c        0x0 d:/ungdung_hoctap/stm32cubeide_1.6.1/stm32cubeide/plugins/com.st.stm32cube.ide.mcu.externaltools.gnu-tools-for-stm32.9-2020-q2-update.win32_1.5.0.202011040924/tools/bin/../lib/gcc/arm-none-eabi/9.3.1/thumb/v7e-m+fp/hard/crtbegin.o
                0x000000002000001c                . = ALIGN (0x4)

.bss            0x000000002000001c       0xac load address 0x0000000008002428
                0x000000002000001c                _sbss = .
                0x000000002000001c                __bss_start__ = _sbss
 *(.bss)
 .bss           0x000000002000001c       0x1c d:/ungdung_hoctap/stm32cubeide_1.6.1/stm32cubeide/plugins/com.st.stm32cube.ide.mcu.externaltools.gnu-tools-for-stm32.9-2020-q2-update.win32_1.5.0.202011040924/tools/bin/../lib/gcc/arm-none-eabi/9.3.1/thumb/v7e-m+fp/hard/crtbegin.o
 *(.bss*)
 .bss.GDO0_FLAG
                0x0000000020000038        0x1 Core/Src/rf_driver.o
                0x0000000020000038                GDO0_FLAG
 *(COMMON)
 *fill*         0x0000000020000039        0x3 
 COMMON         0x000000002000003c       0x24 Core/Src/main.o
                0x000000002000003c                rx_buffer
                0x0000000020000050                checklqi
                0x0000000020000051                byte
                0x0000000020000054                rssi_dBm
                0x0000000020000058                hehe
                0x0000000020000059                checkrssi
                0x000000002000005a                a
                0x000000002000005c                rssi_dec
 COMMON         0x0000000020000060       0x63 Core/Src/rf_driver.o
                0x0000000020000060                byte2
                0x0000000020000064                b
                0x000000002000007d                ab
                0x000000002000007e                byte1
                0x000000002000007f                checklen
                0x0000000020000080                ll_spi
                0x0000000020000084                version
                0x0000000020000088                CS_GPIO_Port
                0x000000002000008c                helrssi
                0x0000000020000090                GDO0_Pin
                0x0000000020000092                CS_Pin
                0x0000000020000094                i
                0x0000000020000098                check
                0x0000000020000099                state1
                0x000000002000009a                check3
                0x000000002000009c                c
                0x00000000200000b8                check2
                0x00000000200000c2                check1
 *fill*         0x00000000200000c3        0x1 
 COMMON         0x00000000200000c4        0x4 Core/Src/stm32f4xx_it.o
                0x00000000200000c4                u
                0x00000000200000c8                . = ALIGN (0x4)
                0x00000000200000c8                _ebss = .
                0x00000000200000c8                __bss_end__ = _ebss

._user_heap_stack
                0x00000000200000c8      0x600 load address 0x0000000008002428
                0x00000000200000c8                . = ALIGN (0x8)
                [!provide]                        PROVIDE (end = .)
                0x00000000200000c8                PROVIDE (_end = .)
                0x00000000200002c8                . = (. + _Min_Heap_Size)
 *fill*         0x00000000200000c8      0x200 
                0x00000000200006c8                . = (. + _Min_Stack_Size)
 *fill*         0x00000000200002c8      0x400 
                0x00000000200006c8                . = ALIGN (0x8)

/DISCARD/
 libc.a(*)
 libm.a(*)
 libgcc.a(*)

.ARM.attributes
                0x0000000000000000       0x30
 *(.ARM.attributes)
 .ARM.attributes
                0x0000000000000000       0x1e d:/ungdung_hoctap/stm32cubeide_1.6.1/stm32cubeide/plugins/com.st.stm32cube.ide.mcu.externaltools.gnu-tools-for-stm32.9-2020-q2-update.win32_1.5.0.202011040924/tools/bin/../lib/gcc/arm-none-eabi/9.3.1/thumb/v7e-m+fp/hard/crti.o
 .ARM.attributes
                0x000000000000001e       0x34 d:/ungdung_hoctap/stm32cubeide_1.6.1/stm32cubeide/plugins/com.st.stm32cube.ide.mcu.externaltools.gnu-tools-for-stm32.9-2020-q2-update.win32_1.5.0.202011040924/tools/bin/../lib/gcc/arm-none-eabi/9.3.1/thumb/v7e-m+fp/hard/crtbegin.o
 .ARM.attributes
                0x0000000000000052       0x34 Core/Src/dwt_stm32_delay.o
 .ARM.attributes
                0x0000000000000086       0x34 Core/Src/gpio.o
 .ARM.attributes
                0x00000000000000ba       0x34 Core/Src/main.o
 .ARM.attributes
                0x00000000000000ee       0x34 Core/Src/rf_driver.o
 .ARM.attributes
                0x0000000000000122       0x34 Core/Src/spi.o
 .ARM.attributes
                0x0000000000000156       0x34 Core/Src/stm32f4xx_it.o
 .ARM.attributes
                0x000000000000018a       0x34 Core/Src/system_stm32f4xx.o
 .ARM.attributes
                0x00000000000001be       0x34 Core/Src/tim.o
 .ARM.attributes
                0x00000000000001f2       0x21 Core/Startup/startup_stm32f411ceux.o
 .ARM.attributes
                0x0000000000000213       0x34 Drivers/STM32F4xx_HAL_Driver/Src/stm32f4xx_ll_exti.o
 .ARM.attributes
                0x0000000000000247       0x34 Drivers/STM32F4xx_HAL_Driver/Src/stm32f4xx_ll_gpio.o
 .ARM.attributes
                0x000000000000027b       0x34 Drivers/STM32F4xx_HAL_Driver/Src/stm32f4xx_ll_rcc.o
 .ARM.attributes
                0x00000000000002af       0x34 Drivers/STM32F4xx_HAL_Driver/Src/stm32f4xx_ll_spi.o
 .ARM.attributes
                0x00000000000002e3       0x34 Drivers/STM32F4xx_HAL_Driver/Src/stm32f4xx_ll_tim.o
 .ARM.attributes
                0x0000000000000317       0x34 Drivers/STM32F4xx_HAL_Driver/Src/stm32f4xx_ll_utils.o
 .ARM.attributes
                0x000000000000034b       0x34 d:/ungdung_hoctap/stm32cubeide_1.6.1/stm32cubeide/plugins/com.st.stm32cube.ide.mcu.externaltools.gnu-tools-for-stm32.9-2020-q2-update.win32_1.5.0.202011040924/tools/bin/../lib/gcc/arm-none-eabi/9.3.1/../../../../arm-none-eabi/lib/thumb/v7e-m+fp/hard\libc_nano.a(lib_a-init.o)
 .ARM.attributes
                0x000000000000037f       0x34 d:/ungdung_hoctap/stm32cubeide_1.6.1/stm32cubeide/plugins/com.st.stm32cube.ide.mcu.externaltools.gnu-tools-for-stm32.9-2020-q2-update.win32_1.5.0.202011040924/tools/bin/../lib/gcc/arm-none-eabi/9.3.1/../../../../arm-none-eabi/lib/thumb/v7e-m+fp/hard\libc_nano.a(lib_a-memset.o)
 .ARM.attributes
                0x00000000000003b3       0x1e d:/ungdung_hoctap/stm32cubeide_1.6.1/stm32cubeide/plugins/com.st.stm32cube.ide.mcu.externaltools.gnu-tools-for-stm32.9-2020-q2-update.win32_1.5.0.202011040924/tools/bin/../lib/gcc/arm-none-eabi/9.3.1/thumb/v7e-m+fp/hard/crtn.o
OUTPUT(cc1101.elf elf32-littlearm)
LOAD linker stubs
LOAD d:/ungdung_hoctap/stm32cubeide_1.6.1/stm32cubeide/plugins/com.st.stm32cube.ide.mcu.externaltools.gnu-tools-for-stm32.9-2020-q2-update.win32_1.5.0.202011040924/tools/bin/../lib/gcc/arm-none-eabi/9.3.1/../../../../arm-none-eabi/lib/thumb/v7e-m+fp/hard\libc.a
LOAD d:/ungdung_hoctap/stm32cubeide_1.6.1/stm32cubeide/plugins/com.st.stm32cube.ide.mcu.externaltools.gnu-tools-for-stm32.9-2020-q2-update.win32_1.5.0.202011040924/tools/bin/../lib/gcc/arm-none-eabi/9.3.1/../../../../arm-none-eabi/lib/thumb/v7e-m+fp/hard\libm.a
LOAD d:/ungdung_hoctap/stm32cubeide_1.6.1/stm32cubeide/plugins/com.st.stm32cube.ide.mcu.externaltools.gnu-tools-for-stm32.9-2020-q2-update.win32_1.5.0.202011040924/tools/bin/../lib/gcc/arm-none-eabi/9.3.1/thumb/v7e-m+fp/hard\libgcc.a

.debug_info     0x0000000000000000     0x9275
 .debug_info    0x0000000000000000      0x2f7 Core/Src/dwt_stm32_delay.o
 .debug_info    0x00000000000002f7      0xd5c Core/Src/gpio.o
 .debug_info    0x0000000000001053     0x1607 Core/Src/main.o
 .debug_info    0x000000000000265a     0x1eee Core/Src/rf_driver.o
 .debug_info    0x0000000000004548      0x6dd Core/Src/spi.o
 .debug_info    0x0000000000004c25      0x34b Core/Src/stm32f4xx_it.o
 .debug_info    0x0000000000004f70      0x572 Core/Src/system_stm32f4xx.o
 .debug_info    0x00000000000054e2      0x665 Core/Src/tim.o
 .debug_info    0x0000000000005b47       0x22 Core/Startup/startup_stm32f411ceux.o
 .debug_info    0x0000000000005b69      0x3d4 Drivers/STM32F4xx_HAL_Driver/Src/stm32f4xx_ll_exti.o
 .debug_info    0x0000000000005f3d      0x8ea Drivers/STM32F4xx_HAL_Driver/Src/stm32f4xx_ll_gpio.o
 .debug_info    0x0000000000006827      0x801 Drivers/STM32F4xx_HAL_Driver/Src/stm32f4xx_ll_rcc.o
 .debug_info    0x0000000000007028      0x86b Drivers/STM32F4xx_HAL_Driver/Src/stm32f4xx_ll_spi.o
 .debug_info    0x0000000000007893     0x102c Drivers/STM32F4xx_HAL_Driver/Src/stm32f4xx_ll_tim.o
 .debug_info    0x00000000000088bf      0x9b6 Drivers/STM32F4xx_HAL_Driver/Src/stm32f4xx_ll_utils.o

.debug_abbrev   0x0000000000000000     0x1bb5
 .debug_abbrev  0x0000000000000000       0xcd Core/Src/dwt_stm32_delay.o
 .debug_abbrev  0x00000000000000cd      0x272 Core/Src/gpio.o
 .debug_abbrev  0x000000000000033f      0x2ce Core/Src/main.o
 .debug_abbrev  0x000000000000060d      0x3b7 Core/Src/rf_driver.o
 .debug_abbrev  0x00000000000009c4      0x17d Core/Src/spi.o
 .debug_abbrev  0x0000000000000b41      0x188 Core/Src/stm32f4xx_it.o
 .debug_abbrev  0x0000000000000cc9      0x129 Core/Src/system_stm32f4xx.o
 .debug_abbrev  0x0000000000000df2      0x16c Core/Src/tim.o
 .debug_abbrev  0x0000000000000f5e       0x12 Core/Startup/startup_stm32f411ceux.o
 .debug_abbrev  0x0000000000000f70      0x193 Drivers/STM32F4xx_HAL_Driver/Src/stm32f4xx_ll_exti.o
 .debug_abbrev  0x0000000000001103      0x23b Drivers/STM32F4xx_HAL_Driver/Src/stm32f4xx_ll_gpio.o
 .debug_abbrev  0x000000000000133e      0x1fa Drivers/STM32F4xx_HAL_Driver/Src/stm32f4xx_ll_rcc.o
 .debug_abbrev  0x0000000000001538      0x215 Drivers/STM32F4xx_HAL_Driver/Src/stm32f4xx_ll_spi.o
 .debug_abbrev  0x000000000000174d      0x22b Drivers/STM32F4xx_HAL_Driver/Src/stm32f4xx_ll_tim.o
 .debug_abbrev  0x0000000000001978      0x23d Drivers/STM32F4xx_HAL_Driver/Src/stm32f4xx_ll_utils.o

.debug_aranges  0x0000000000000000      0x8d0
 .debug_aranges
                0x0000000000000000       0x20 Core/Src/dwt_stm32_delay.o
 .debug_aranges
                0x0000000000000020       0x68 Core/Src/gpio.o
 .debug_aranges
                0x0000000000000088       0xd0 Core/Src/main.o
 .debug_aranges
                0x0000000000000158      0x188 Core/Src/rf_driver.o
 .debug_aranges
                0x00000000000002e0       0x40 Core/Src/spi.o
 .debug_aranges
                0x0000000000000320       0x78 Core/Src/stm32f4xx_it.o
 .debug_aranges
                0x0000000000000398       0x28 Core/Src/system_stm32f4xx.o
 .debug_aranges
                0x00000000000003c0       0x48 Core/Src/tim.o
 .debug_aranges
                0x0000000000000408       0x28 Core/Startup/startup_stm32f411ceux.o
 .debug_aranges
                0x0000000000000430       0x70 Drivers/STM32F4xx_HAL_Driver/Src/stm32f4xx_ll_exti.o
 .debug_aranges
                0x00000000000004a0       0x70 Drivers/STM32F4xx_HAL_Driver/Src/stm32f4xx_ll_gpio.o
 .debug_aranges
                0x0000000000000510      0x110 Drivers/STM32F4xx_HAL_Driver/Src/stm32f4xx_ll_rcc.o
 .debug_aranges
                0x0000000000000620       0x90 Drivers/STM32F4xx_HAL_Driver/Src/stm32f4xx_ll_spi.o
 .debug_aranges
                0x00000000000006b0      0x128 Drivers/STM32F4xx_HAL_Driver/Src/stm32f4xx_ll_tim.o
 .debug_aranges
                0x00000000000007d8       0xf8 Drivers/STM32F4xx_HAL_Driver/Src/stm32f4xx_ll_utils.o

.debug_ranges   0x0000000000000000      0x7e8
 .debug_ranges  0x0000000000000000       0x10 Core/Src/dwt_stm32_delay.o
 .debug_ranges  0x0000000000000010       0x58 Core/Src/gpio.o
 .debug_ranges  0x0000000000000068       0xc0 Core/Src/main.o
 .debug_ranges  0x0000000000000128      0x178 Core/Src/rf_driver.o
 .debug_ranges  0x00000000000002a0       0x30 Core/Src/spi.o
 .debug_ranges  0x00000000000002d0       0x68 Core/Src/stm32f4xx_it.o
 .debug_ranges  0x0000000000000338       0x18 Core/Src/system_stm32f4xx.o
 .debug_ranges  0x0000000000000350       0x38 Core/Src/tim.o
 .debug_ranges  0x0000000000000388       0x20 Core/Startup/startup_stm32f411ceux.o
 .debug_ranges  0x00000000000003a8       0x60 Drivers/STM32F4xx_HAL_Driver/Src/stm32f4xx_ll_exti.o
 .debug_ranges  0x0000000000000408       0x60 Drivers/STM32F4xx_HAL_Driver/Src/stm32f4xx_ll_gpio.o
 .debug_ranges  0x0000000000000468      0x100 Drivers/STM32F4xx_HAL_Driver/Src/stm32f4xx_ll_rcc.o
 .debug_ranges  0x0000000000000568       0x80 Drivers/STM32F4xx_HAL_Driver/Src/stm32f4xx_ll_spi.o
 .debug_ranges  0x00000000000005e8      0x118 Drivers/STM32F4xx_HAL_Driver/Src/stm32f4xx_ll_tim.o
 .debug_ranges  0x0000000000000700       0xe8 Drivers/STM32F4xx_HAL_Driver/Src/stm32f4xx_ll_utils.o

.debug_macro    0x0000000000000000    0x13162
 .debug_macro   0x0000000000000000       0xf9 Core/Src/dwt_stm32_delay.o
 .debug_macro   0x00000000000000f9      0xaea Core/Src/dwt_stm32_delay.o
 .debug_macro   0x0000000000000be3       0x2e Core/Src/dwt_stm32_delay.o
 .debug_macro   0x0000000000000c11       0x28 Core/Src/dwt_stm32_delay.o
 .debug_macro   0x0000000000000c39       0x22 Core/Src/dwt_stm32_delay.o
 .debug_macro   0x0000000000000c5b       0x8e Core/Src/dwt_stm32_delay.o
 .debug_macro   0x0000000000000ce9       0x51 Core/Src/dwt_stm32_delay.o
 .debug_macro   0x0000000000000d3a      0x103 Core/Src/dwt_stm32_delay.o
 .debug_macro   0x0000000000000e3d       0x6a Core/Src/dwt_stm32_delay.o
 .debug_macro   0x0000000000000ea7      0x1df Core/Src/dwt_stm32_delay.o
 .debug_macro   0x0000000000001086       0x1c Core/Src/dwt_stm32_delay.o
 .debug_macro   0x00000000000010a2       0x22 Core/Src/dwt_stm32_delay.o
 .debug_macro   0x00000000000010c4       0xdf Core/Src/dwt_stm32_delay.o
 .debug_macro   0x00000000000011a3     0x102d Core/Src/dwt_stm32_delay.o
 .debug_macro   0x00000000000021d0      0x11f Core/Src/dwt_stm32_delay.o
 .debug_macro   0x00000000000022ef     0xb953 Core/Src/dwt_stm32_delay.o
 .debug_macro   0x000000000000dc42       0x6d Core/Src/dwt_stm32_delay.o
 .debug_macro   0x000000000000dcaf      0x117 Core/Src/dwt_stm32_delay.o
 .debug_macro   0x000000000000ddc6      0x788 Core/Src/dwt_stm32_delay.o
 .debug_macro   0x000000000000e54e      0x1ab Core/Src/dwt_stm32_delay.o
 .debug_macro   0x000000000000e6f9      0x150 Core/Src/gpio.o
 .debug_macro   0x000000000000e849      0x782 Core/Src/gpio.o
 .debug_macro   0x000000000000efcb      0x11d Core/Src/gpio.o
 .debug_macro   0x000000000000f0e8       0xe8 Core/Src/gpio.o
 .debug_macro   0x000000000000f1d0      0x1a8 Core/Src/gpio.o
 .debug_macro   0x000000000000f378       0x61 Core/Src/gpio.o
 .debug_macro   0x000000000000f3d9       0xbd Core/Src/gpio.o
 .debug_macro   0x000000000000f496      0x1e6 Core/Src/gpio.o
 .debug_macro   0x000000000000f67c      0x23c Core/Src/gpio.o
 .debug_macro   0x000000000000f8b8      0x5f3 Core/Src/gpio.o
 .debug_macro   0x000000000000feab      0x149 Core/Src/gpio.o
 .debug_macro   0x000000000000fff4       0x40 Core/Src/gpio.o
 .debug_macro   0x0000000000010034      0x2db Core/Src/main.o
 .debug_macro   0x000000000001030f       0x52 Core/Src/main.o
 .debug_macro   0x0000000000010361       0x18 Core/Src/main.o
 .debug_macro   0x0000000000010379       0x3c Core/Src/main.o
 .debug_macro   0x00000000000103b5       0x34 Core/Src/main.o
 .debug_macro   0x00000000000103e9       0x16 Core/Src/main.o
 .debug_macro   0x00000000000103ff       0x97 Core/Src/main.o
 .debug_macro   0x0000000000010496      0x333 Core/Src/main.o
 .debug_macro   0x00000000000107c9       0xfd Core/Src/main.o
 .debug_macro   0x00000000000108c6       0x10 Core/Src/main.o
 .debug_macro   0x00000000000108d6       0x16 Core/Src/main.o
 .debug_macro   0x00000000000108ec       0x43 Core/Src/main.o
 .debug_macro   0x000000000001092f       0x34 Core/Src/main.o
 .debug_macro   0x0000000000010963       0x10 Core/Src/main.o
 .debug_macro   0x0000000000010973       0x58 Core/Src/main.o
 .debug_macro   0x00000000000109cb       0x71 Core/Src/main.o
 .debug_macro   0x0000000000010a3c       0x1c Core/Src/main.o
 .debug_macro   0x0000000000010a58      0x12a Core/Src/main.o
 .debug_macro   0x0000000000010b82       0x10 Core/Src/main.o
 .debug_macro   0x0000000000010b92       0x1c Core/Src/main.o
 .debug_macro   0x0000000000010bae       0x52 Core/Src/main.o
 .debug_macro   0x0000000000010c00       0x22 Core/Src/main.o
 .debug_macro   0x0000000000010c22       0x10 Core/Src/main.o
 .debug_macro   0x0000000000010c32       0x40 Core/Src/main.o
 .debug_macro   0x0000000000010c72       0xd5 Core/Src/main.o
 .debug_macro   0x0000000000010d47       0x1c Core/Src/main.o
 .debug_macro   0x0000000000010d63       0x3d Core/Src/main.o
 .debug_macro   0x0000000000010da0       0x16 Core/Src/main.o
 .debug_macro   0x0000000000010db6      0x145 Core/Src/main.o
 .debug_macro   0x0000000000010efb      0x296 Core/Src/main.o
 .debug_macro   0x0000000000011191      0x2ee Core/Src/rf_driver.o
 .debug_macro   0x000000000001147f       0x4c Core/Src/rf_driver.o
 .debug_macro   0x00000000000114cb       0x94 Core/Src/rf_driver.o
 .debug_macro   0x000000000001155f       0x57 Core/Src/rf_driver.o
 .debug_macro   0x00000000000115b6      0x339 Core/Src/rf_driver.o
 .debug_macro   0x00000000000118ef       0xd9 Core/Src/rf_driver.o
 .debug_macro   0x00000000000119c8      0x143 Core/Src/rf_driver.o
 .debug_macro   0x0000000000011b0b       0x16 Core/Src/rf_driver.o
 .debug_macro   0x0000000000011b21       0x35 Core/Src/rf_driver.o
 .debug_macro   0x0000000000011b56       0x20 Core/Src/rf_driver.o
 .debug_macro   0x0000000000011b76       0x16 Core/Src/rf_driver.o
 .debug_macro   0x0000000000011b8c       0x16 Core/Src/rf_driver.o
 .debug_macro   0x0000000000011ba2       0x29 Core/Src/rf_driver.o
 .debug_macro   0x0000000000011bcb      0x150 Core/Src/spi.o
 .debug_macro   0x0000000000011d1b      0x150 Core/Src/stm32f4xx_it.o
 .debug_macro   0x0000000000011e6b       0xce Core/Src/system_stm32f4xx.o
 .debug_macro   0x0000000000011f39      0x150 Core/Src/tim.o
 .debug_macro   0x0000000000012089       0xf5 Drivers/STM32F4xx_HAL_Driver/Src/stm32f4xx_ll_exti.o
 .debug_macro   0x000000000001217e       0xe2 Drivers/STM32F4xx_HAL_Driver/Src/stm32f4xx_ll_exti.o
 .debug_macro   0x0000000000012260      0x110 Drivers/STM32F4xx_HAL_Driver/Src/stm32f4xx_ll_gpio.o
 .debug_macro   0x0000000000012370       0xf5 Drivers/STM32F4xx_HAL_Driver/Src/stm32f4xx_ll_rcc.o
 .debug_macro   0x0000000000012465      0x17d Drivers/STM32F4xx_HAL_Driver/Src/stm32f4xx_ll_spi.o
 .debug_macro   0x00000000000125e2      0x236 Drivers/STM32F4xx_HAL_Driver/Src/stm32f4xx_ll_spi.o
 .debug_macro   0x0000000000012818      0x159 Drivers/STM32F4xx_HAL_Driver/Src/stm32f4xx_ll_tim.o
 .debug_macro   0x0000000000012971      0x5ed Drivers/STM32F4xx_HAL_Driver/Src/stm32f4xx_ll_tim.o
 .debug_macro   0x0000000000012f5e      0x1a9 Drivers/STM32F4xx_HAL_Driver/Src/stm32f4xx_ll_utils.o
 .debug_macro   0x0000000000013107       0x5b Drivers/STM32F4xx_HAL_Driver/Src/stm32f4xx_ll_utils.o

.debug_line     0x0000000000000000     0x775c
 .debug_line    0x0000000000000000      0x542 Core/Src/dwt_stm32_delay.o
 .debug_line    0x0000000000000542      0x7c3 Core/Src/gpio.o
 .debug_line    0x0000000000000d05      0xaee Core/Src/main.o
 .debug_line    0x00000000000017f3     0x12ab Core/Src/rf_driver.o
 .debug_line    0x0000000000002a9e      0x67b Core/Src/spi.o
 .debug_line    0x0000000000003119      0x6f6 Core/Src/stm32f4xx_it.o
 .debug_line    0x000000000000380f      0x522 Core/Src/system_stm32f4xx.o
 .debug_line    0x0000000000003d31      0x66a Core/Src/tim.o
 .debug_line    0x000000000000439b       0x88 Core/Startup/startup_stm32f411ceux.o
 .debug_line    0x0000000000004423      0x63a Drivers/STM32F4xx_HAL_Driver/Src/stm32f4xx_ll_exti.o
 .debug_line    0x0000000000004a5d      0x781 Drivers/STM32F4xx_HAL_Driver/Src/stm32f4xx_ll_gpio.o
 .debug_line    0x00000000000051de      0x935 Drivers/STM32F4xx_HAL_Driver/Src/stm32f4xx_ll_rcc.o
 .debug_line    0x0000000000005b13      0x7c4 Drivers/STM32F4xx_HAL_Driver/Src/stm32f4xx_ll_spi.o
 .debug_line    0x00000000000062d7      0xab2 Drivers/STM32F4xx_HAL_Driver/Src/stm32f4xx_ll_tim.o
 .debug_line    0x0000000000006d89      0x9d3 Drivers/STM32F4xx_HAL_Driver/Src/stm32f4xx_ll_utils.o

.debug_str      0x0000000000000000    0x67937
 .debug_str     0x0000000000000000    0x55e61 Core/Src/dwt_stm32_delay.o
                                      0x55fef (size before relaxing)
 .debug_str     0x0000000000055e61     0x7d4e Core/Src/gpio.o
                                      0x5dcc4 (size before relaxing)
 .debug_str     0x000000000005dbaf     0x4c8c Core/Src/main.o
                                      0x62518 (size before relaxing)
 .debug_str     0x000000000006283b      0x88b Core/Src/rf_driver.o
                                      0x5fcc3 (size before relaxing)
 .debug_str     0x00000000000630c6       0xb2 Core/Src/spi.o
                                      0x5d7c5 (size before relaxing)
 .debug_str     0x0000000000063178      0x12b Core/Src/stm32f4xx_it.o
                                      0x5d629 (size before relaxing)
 .debug_str     0x00000000000632a3       0x5b Core/Src/system_stm32f4xx.o
                                      0x4fd95 (size before relaxing)
 .debug_str     0x00000000000632fe       0xdf Core/Src/tim.o
                                      0x5d79a (size before relaxing)
 .debug_str     0x00000000000633dd       0x36 Core/Startup/startup_stm32f411ceux.o
                                         0x62 (size before relaxing)
 .debug_str     0x0000000000063413      0x332 Drivers/STM32F4xx_HAL_Driver/Src/stm32f4xx_ll_exti.o
                                      0x50455 (size before relaxing)
 .debug_str     0x0000000000063745      0x637 Drivers/STM32F4xx_HAL_Driver/Src/stm32f4xx_ll_gpio.o
                                      0x512c6 (size before relaxing)
 .debug_str     0x0000000000063d7c      0x41f Drivers/STM32F4xx_HAL_Driver/Src/stm32f4xx_ll_rcc.o
                                      0x55203 (size before relaxing)
 .debug_str     0x000000000006419b      0xe2c Drivers/STM32F4xx_HAL_Driver/Src/stm32f4xx_ll_spi.o
                                      0x5705c (size before relaxing)
 .debug_str     0x0000000000064fc7     0x12c9 Drivers/STM32F4xx_HAL_Driver/Src/stm32f4xx_ll_tim.o
                                      0x549c2 (size before relaxing)
 .debug_str     0x0000000000066290     0x16a7 Drivers/STM32F4xx_HAL_Driver/Src/stm32f4xx_ll_utils.o
                                      0x57847 (size before relaxing)

.comment        0x0000000000000000       0x53
 .comment       0x0000000000000000       0x53 Core/Src/dwt_stm32_delay.o
                                         0x54 (size before relaxing)
 .comment       0x0000000000000053       0x54 Core/Src/gpio.o
 .comment       0x0000000000000053       0x54 Core/Src/main.o
 .comment       0x0000000000000053       0x54 Core/Src/rf_driver.o
 .comment       0x0000000000000053       0x54 Core/Src/spi.o
 .comment       0x0000000000000053       0x54 Core/Src/stm32f4xx_it.o
 .comment       0x0000000000000053       0x54 Core/Src/system_stm32f4xx.o
 .comment       0x0000000000000053       0x54 Core/Src/tim.o
 .comment       0x0000000000000053       0x54 Drivers/STM32F4xx_HAL_Driver/Src/stm32f4xx_ll_exti.o
 .comment       0x0000000000000053       0x54 Drivers/STM32F4xx_HAL_Driver/Src/stm32f4xx_ll_gpio.o
 .comment       0x0000000000000053       0x54 Drivers/STM32F4xx_HAL_Driver/Src/stm32f4xx_ll_rcc.o
 .comment       0x0000000000000053       0x54 Drivers/STM32F4xx_HAL_Driver/Src/stm32f4xx_ll_spi.o
 .comment       0x0000000000000053       0x54 Drivers/STM32F4xx_HAL_Driver/Src/stm32f4xx_ll_tim.o
 .comment       0x0000000000000053       0x54 Drivers/STM32F4xx_HAL_Driver/Src/stm32f4xx_ll_utils.o

.debug_frame    0x0000000000000000     0x22b4
 .debug_frame   0x0000000000000000       0x30 Core/Src/dwt_stm32_delay.o
 .debug_frame   0x0000000000000030      0x194 Core/Src/gpio.o
 .debug_frame   0x00000000000001c4      0x354 Core/Src/main.o
 .debug_frame   0x0000000000000518      0x678 Core/Src/rf_driver.o
 .debug_frame   0x0000000000000b90       0xd4 Core/Src/spi.o
 .debug_frame   0x0000000000000c64      0x174 Core/Src/stm32f4xx_it.o
 .debug_frame   0x0000000000000dd8       0x58 Core/Src/system_stm32f4xx.o
 .debug_frame   0x0000000000000e30       0xfc Core/Src/tim.o
 .debug_frame   0x0000000000000f2c      0x1bc Drivers/STM32F4xx_HAL_Driver/Src/stm32f4xx_ll_exti.o
 .debug_frame   0x00000000000010e8      0x1c0 Drivers/STM32F4xx_HAL_Driver/Src/stm32f4xx_ll_gpio.o
 .debug_frame   0x00000000000012a8      0x43c Drivers/STM32F4xx_HAL_Driver/Src/stm32f4xx_ll_rcc.o
 .debug_frame   0x00000000000016e4      0x254 Drivers/STM32F4xx_HAL_Driver/Src/stm32f4xx_ll_spi.o
 .debug_frame   0x0000000000001938      0x538 Drivers/STM32F4xx_HAL_Driver/Src/stm32f4xx_ll_tim.o
 .debug_frame   0x0000000000001e70      0x3f8 Drivers/STM32F4xx_HAL_Driver/Src/stm32f4xx_ll_utils.o
 .debug_frame   0x0000000000002268       0x2c d:/ungdung_hoctap/stm32cubeide_1.6.1/stm32cubeide/plugins/com.st.stm32cube.ide.mcu.externaltools.gnu-tools-for-stm32.9-2020-q2-update.win32_1.5.0.202011040924/tools/bin/../lib/gcc/arm-none-eabi/9.3.1/../../../../arm-none-eabi/lib/thumb/v7e-m+fp/hard\libc_nano.a(lib_a-init.o)
 .debug_frame   0x0000000000002294       0x20 d:/ungdung_hoctap/stm32cubeide_1.6.1/stm32cubeide/plugins/com.st.stm32cube.ide.mcu.externaltools.gnu-tools-for-stm32.9-2020-q2-update.win32_1.5.0.202011040924/tools/bin/../lib/gcc/arm-none-eabi/9.3.1/../../../../arm-none-eabi/lib/thumb/v7e-m+fp/hard\libc_nano.a(lib_a-memset.o)
