stm32f4xx_ll_gpio.h:882:22:LL_GPIO_SetOutputPin	16	static
stm32f4xx_ll_gpio.h:911:22:LL_GPIO_ResetOutputPin	16	static
stm32f4xx_ll_spi.h:732:26:LL_SPI_IsActiveFlag_RXNE	16	static
stm32f4xx_ll_spi.h:743:26:LL_SPI_IsActiveFlag_TXE	16	static
stm32f4xx_ll_spi.h:794:26:LL_SPI_IsActiveFlag_BSY	16	static
stm32f4xx_ll_spi.h:1076:25:LL_SPI_ReceiveData8	16	static
stm32f4xx_ll_spi.h:1099:22:LL_SPI_TransmitData8	24	static
dwt_stm32_delay.h:40:22:DWT_Delay_us	40	static
stm32f4xx_ll_tim.h:1391:26:LL_TIM_GetCounter	16	static
rf_driver.c:406:9:rf_begin	24	static
rf_driver.c:454:6:rf_reset	8	static
rf_driver.c:476:9:rf_check	16	static
rf_driver.c:498:6:rf_set_modulation_mode	24	static
rf_driver.c:536:6:rf_set_ISMband	24	static
rf_driver.c:582:6:rf_set_channel	16	static
rf_driver.c:589:6:rf_set_output_power_level	24	static
rf_driver.c:608:7:rf_set_carrier_offset	24	static
rf_driver.c:620:7:rf_set_carrier_frequency	32	static
rf_driver.c:637:7:rf_set_channel_spacing	40	static
rf_driver.c:665:6:rf_set_preamble	16	static
rf_driver.c:674:6:rf_set_preamble_threshold	16	static
rf_driver.c:685:6:rf_sidle	16	static
rf_driver.c:702:6:rf_receive	16	static
rf_driver.c:720:6:rf_power_down	8	static
rf_driver.c:726:6:rf_wakeup	8	static
rf_driver.c:742:9:rf_get_settings	8	static
rf_driver.c:750:6:rf_wor_enable	8	static
rf_driver.c:783:6:rf_wor_disable	8	static
rf_driver.c:789:6:rf_wor_reset	8	static
rf_driver.c:802:9:_keep_transmiting_data	32	static
rf_driver.c:834:22:send_frame	40	static
rf_driver.c:931:9:rf_incoming_packet	4	static
rf_driver.c:936:10:_keep_receiving_data	32	static
rf_driver.c:964:9:polling_while_lower	24	static
rf_driver.c:977:9:polling_while_bigger	24	static
rf_driver.c:986:10:_get_frame_size	32	static
rf_driver.c:1001:21:receive_frame_test	24	static
rf_driver.c:1039:21:receive_frame	40	static
rf_driver.c:1184:6:rf_write_strobe	16	static
rf_driver.c:1192:9:rf_read_register	24	static
rf_driver.c:1203:6:rf_write_register	16	static
rf_driver.c:1211:6:rf_read_data	16	static
rf_driver.c:1225:6:rf_read_fifotx	16	static
rf_driver.c:1240:6:rf_write_data	16	static
rf_driver.c:1267:9:__spi_write	32	static
rf_driver.c:1302:9:__spi_read	40	static
